// Jest Snapshot v1, https://goo.gl/fbAQLP

exports[`NavLink NavLink basic render snapshoot 1`] = `
<a
  className="NavLinkstyles__A-sc-11jmyh2-0 emSeIZ"
  onClick={[Function]}
>
  <p>
    Link to google
  </p>
</a>
`;
